=== GET https://mahan.local/ ===
<!DOCTYPE html>
<html lang="en">
<head>
<meta charset="utf-8">
<meta name="viewport" content="width=device-width,initial-scale=1">
<!-- The brief requires the student name and number in the page title. -->
<title>Mahan Majlesi &mdash; 402170516 | Smart Guardian System</title>
<style>
  :root{
    --bg:#0d1117; --panel:#161b22; --line:#30363d; --txt:#e6edf3;
    --dim:#8b949e; --accent:#3fb950; --warn:#d29922; --crit:#f85149;
    --blue:#58a6ff;
  }
  *{box-sizing:border-box}
  body{margin:0;background:var(--bg);color:var(--txt);
       font:15px/1.5 -apple-system,BlinkMacSystemFont,"Segoe UI",Roboto,sans-serif}
  header{padding:18px 24px;border-bottom:1px solid var(--line);
         display:flex;flex-wrap:wrap;gap:16px;align-items:baseline;
         justify-content:space-between;background:var(--panel)}
  h1{margin:0;font-size:20px;font-weight:600}
  .sid{color:var(--blue);font-family:ui-monospace,SFMono-Regular,Menlo,monospace}
  .sub{color:var(--dim);font-size:13px}
  main{padding:24px;max-width:1180px;margin:0 auto}
  .grid{display:grid;gap:18px;grid-template-columns:minmax(320px,2fr) minmax(280px,1fr)}
  @media(max-width:860px){.grid{grid-template-columns:1fr}}
  .card{background:var(--panel);border:1px solid var(--line);border-radius:10px;
        padding:16px}
  .card h2{margin:0 0 12px;font-size:13px;text-transform:uppercase;
           letter-spacing:.08em;color:var(--dim);font-weight:600}
  #stream{width:100%;border-radius:8px;background:#000;display:block;
          aspect-ratio:4/3;object-fit:contain}
  .stats{display:grid;gap:10px;grid-template-columns:repeat(auto-fit,minmax(120px,1fr))}
  .stat{background:#0d1117;border:1px solid var(--line);border-radius:8px;padding:12px}
  .stat .k{font-size:11px;color:var(--dim);text-transform:uppercase;letter-spacing:.06em}
  .stat .v{font-size:24px;font-weight:600;font-variant-numeric:tabular-nums;
           margin-top:4px}
  .stat .u{font-size:13px;color:var(--dim);font-weight:400}
  .bar{height:5px;background:#21262d;border-radius:3px;margin-top:8px;overflow:hidden}
  .bar>i{display:block;height:100%;background:var(--accent);width:0;
         transition:width .4s ease,background .4s ease}
  .people{font-size:46px;font-weight:700;color:var(--accent);line-height:1}
  .people.zero{color:var(--dim)}
  table{width:100%;border-collapse:collapse;font-size:13px}
  th,td{text-align:left;padding:6px 8px;border-bottom:1px solid var(--line)}
  th{color:var(--dim);font-weight:500;font-size:11px;text-transform:uppercase}
  td.num{font-variant-numeric:tabular-nums}
  .row{display:flex;align-items:center;justify-content:space-between;gap:12px}
  .switch{position:relative;display:inline-block;width:52px;height:28px;flex:none}
  .switch input{opacity:0;width:0;height:0}
  .slider{position:absolute;inset:0;background:#30363d;border-radius:28px;
          cursor:pointer;transition:.25s}
  .slider:before{content:"";position:absolute;height:22px;width:22px;left:3px;
                 bottom:3px;background:#fff;border-radius:50%;transition:.25s}
  input:checked+.slider{background:var(--crit)}
  input:checked+.slider:before{transform:translateX(24px)}
  .pill{display:inline-block;padding:2px 9px;border-radius:11px;font-size:11px;
        font-weight:600;letter-spacing:.03em}
  .ok{background:rgba(63,185,80,.15);color:var(--accent)}
  .bad{background:rgba(248,81,73,.15);color:var(--crit)}
  .mid{background:rgba(210,153,34,.15);color:var(--warn)}
