
=== board log across the outage ===
Aug 06 16:09:50 mahan systemd[1]: Starting guardian.service - Guardian main daemon (HTTPS server, REST API, MQTT, mail, black box)...
Aug 06 16:09:51 mahan guardian[8862]: 16:09:51.262 mqtt       : guardian@Mahans-MacBook-Pro.local:1883 (fallback 127.0.0.1) keepalive=20s telemetry every 5s
Aug 06 16:09:51 mahan guardian[8862]: 16:09:51.263 secrets    : SMTP=<set,16 chars> MQTT=<set,24 chars> TOKEN=<set,48 chars> TG=<set> TGPROXY=<set>
Aug 06 16:09:51 mahan guardian[8862]: 16:09:51.324 mqtt: client 'guardian-402170516' started, LWT on status/402170516/home (QoS 1, retained)
Aug 06 16:09:51 mahan guardian[8862]: 16:09:51.325 httpd: dashboard page ready (14653 bytes)
Aug 06 16:09:51 mahan guardian[8862]: 16:09:51.327 mqtt: connected to Mahans-MacBook-Pro.local:1883 as 'guardian'
Aug 06 16:09:51 mahan guardian[8862]: 16:09:51.374 httpd: HTTPS listening on :443 (TLS, CN=402170516)
Aug 06 16:09:51 mahan guardian[8862]: 16:09:51.376 httpd: HTTP listening on :80 (301 -> https)
Aug 06 16:09:51 mahan guardian[8862]: 16:09:51.378 httpd: loopback API on 127.0.0.1:8081 (for the Swagger gateway)
Aug 06 16:09:51 mahan systemd[1]: Started guardian.service - Guardian main daemon (HTTPS server, REST API, MQTT, mail, black box).
Aug 06 18:27:38 mahan guardian[8862]: 18:27:38.038 mqtt: unexpected disconnect from Mahans-MacBook-Pro.local (rc=19) -- will reconnect
Aug 06 18:27:43 mahan guardian[8862]: 18:27:43.054 mqtt: publish to telemetry/402170516/home failed: The client is not currently connected.
Aug 06 18:27:53 mahan guardian[8862]: 18:27:53.086 mqtt: publish to telemetry/402170516/home failed: The client is not currently connected.
Aug 06 18:27:58 mahan guardian[8862]: 18:27:58.103 mqtt: publish to telemetry/402170516/home failed: The client is not currently connected.
Aug 06 18:28:03 mahan guardian[8862]: 18:28:03.119 mqtt: publish to telemetry/402170516/home failed: The client is not currently connected.
Aug 06 18:28:04 mahan guardian[8862]: 18:28:04.619 mqtt: no broker for 25s, trying 127.0.0.1:1883 instead
Aug 06 18:28:08 mahan guardian[8862]: 18:28:08.134 mqtt: publish to telemetry/402170516/home failed: The client is not currently connected.
Aug 06 18:28:13 mahan guardian[8862]: 18:28:13.150 mqtt: publish to telemetry/402170516/home failed: The client is not currently connected.
Aug 06 18:28:18 mahan guardian[8862]: 18:28:18.166 mqtt: publish to telemetry/402170516/home failed: The client is not currently connected.
Aug 06 18:28:23 mahan guardian[8862]: 18:28:23.181 mqtt: publish to telemetry/402170516/home failed: The client is not currently connected.
Aug 06 18:28:28 mahan guardian[8862]: 18:28:28.198 mqtt: publish to telemetry/402170516/home failed: The client is not currently connected.
Aug 06 18:28:29 mahan guardian[8862]: 18:28:29.637 mqtt: no broker for 25s, trying Mahans-MacBook-Pro.local:1883 instead
Aug 06 18:28:33 mahan guardian[8862]: 18:28:33.215 mqtt: publish to telemetry/402170516/home failed: The client is not currently connected.
Aug 06 18:28:38 mahan guardian[8862]: 18:28:38.231 mqtt: publish to telemetry/402170516/home failed: The client is not currently connected.
Aug 06 18:28:43 mahan guardian[8862]: 18:28:43.247 mqtt: publish to telemetry/402170516/home failed: The client is not currently connected.
Aug 06 18:28:48 mahan guardian[8862]: 18:28:48.263 mqtt: publish to telemetry/402170516/home failed: The client is not currently connected.
Aug 06 18:28:53 mahan guardian[8862]: 18:28:53.280 mqtt: publish to telemetry/402170516/home failed: The client is not currently connected.
Aug 06 18:28:54 mahan guardian[8862]: 18:28:54.659 mqtt: no broker for 25s, trying 127.0.0.1:1883 instead
Aug 06 18:29:19 mahan guardian[8862]: 18:29:19.678 mqtt: no broker for 25s, trying Mahans-MacBook-Pro.local:1883 instead
Aug 06 18:29:44 mahan guardian[8862]: 18:29:44.702 mqtt: no broker for 25s, trying 127.0.0.1:1883 instead
